2025-11-22 12:14:00,671 - Knowledge - INFO - Created shared MongoDB connection pool
2025-11-22 12:14:00,673 - Knowledge - INFO - Starting Knowledge Graph processing with 20 threads
2025-11-22 12:14:00,673 - Knowledge - INFO - Initial configuration: chunk_size=65536, max_cache_size=500
2025-11-22 12:14:00,673 - Knowledge - INFO - Knowledge Graph concurrency configuration: workers=20, max_batch_size=25, max_concurrent_llm_calls=50
2025-11-22 12:14:01,719 - Knowledge - INFO - 🔍 _load_persisted_knowledge called - checking for Redis optimization
2025-11-22 12:14:01,719 - Knowledge - WARNING - ❌ load_from_redis method not found - Redis support not attached
2025-11-22 12:14:01,719 - Knowledge - INFO - load persisted knowledge: begin
2025-11-22 12:14:01,719 - Knowledge - INFO - Loaded 0 files from persisted knowledge
2025-11-22 12:14:01,719 - Knowledge - INFO - load persisted knowledge: end
2025-11-22 12:14:01,719 - Knowledge - WARNING - No persisted knowledge found. Files will be queued during start()
2025-11-22 12:14:01,719 - Knowledge - INFO - 🔧 add_redis_support_to_knowledge called - knowledge_instance.id: CAKfUw-b5223c8, build_ids: ['b5223c8']
2025-11-22 12:14:01,719 - Knowledge - INFO - 🔧 Using build_ids[0] for Redis prefix: b5223c8
2025-11-22 12:14:01,719 - Knowledge - INFO - 🔧 Redis prefix set to: knowledge:b5223c8:
2025-11-22 12:14:01,720 - Knowledge - INFO - 🔧 Redis support added - prefix: knowledge:b5223c8:, stored build_ids: ['b5223c8']
2025-11-22 12:14:01,720 - Knowledge - INFO - Redis support added with prefix knowledge:b5223c8:
2025-11-22 12:14:01,720 - Knowledge - INFO - Starting knowledge initialization for ID: CAKfUw-b5223c8
2025-11-22 12:14:01,720 - Knowledge - INFO - 🔍 Checking Redis for build_id: b5223c8
2025-11-22 12:14:01,720 - Knowledge - INFO - 🔍 Full session ID: CAKfUw-b5223c8
2025-11-22 12:14:01,720 - Knowledge - INFO - 🔍 Redis prefix will be: knowledge:b5223c8:
2025-11-22 12:14:01,720 - Knowledge - INFO - 🔍 Using attached load_from_redis() method
2025-11-22 12:14:01,720 - Knowledge - INFO - 🔍 Attempting to load knowledge from Redis...
2025-11-22 12:14:01,720 - Knowledge - INFO - 🔍 Using build_ids for Redis lookup: ['b5223c8']
2025-11-22 12:14:01,720 - Knowledge - INFO - 🔍 GETTING FROM REDIS - Requested IDs: ['b5223c8']
2025-11-22 12:14:01,721 - Knowledge - INFO - 🔍 GETTING FROM REDIS - ID: b5223c8, Prefix: knowledge:b5223c8:
2025-11-22 12:14:01,730 - Knowledge - WARNING - ❌ NO DATA FOUND in Redis for IDs: ['b5223c8'], Prefixes tried: ['knowledge:b5223c8:']
2025-11-22 12:14:01,731 - Knowledge - WARNING - ❌ No Redis cache found
2025-11-22 12:14:01,731 - Knowledge - INFO - 🔍 GETTING FROM REDIS - Requested IDs: ['b5223c8']
2025-11-22 12:14:01,731 - Knowledge - INFO - 🔍 GETTING FROM REDIS - ID: b5223c8, Prefix: knowledge:b5223c8:
2025-11-22 12:14:01,735 - Knowledge - WARNING - ❌ NO DATA FOUND in Redis for IDs: ['b5223c8'], Prefixes tried: ['knowledge:b5223c8:']
2025-11-22 12:14:01,736 - Knowledge - INFO - 📁 Loading knowledge from disk...
2025-11-22 12:14:01,749 - Knowledge - INFO - load persisted docinfo: begin
2025-11-22 12:14:01,750 - Knowledge - INFO - load persisted docinfo: end
2025-11-22 12:14:01,750 - Knowledge - INFO - 🔍 _load_persisted_knowledge called - checking for Redis optimization
2025-11-22 12:14:01,750 - Knowledge - INFO - ✅ load_from_redis method found - attempting Redis load
2025-11-22 12:14:01,750 - Knowledge - INFO - 🔍 Attempting to load knowledge from Redis...
2025-11-22 12:14:01,750 - Knowledge - INFO - 🔍 Using build_ids for Redis lookup: ['b5223c8']
2025-11-22 12:14:01,750 - Knowledge - INFO - 🔍 GETTING FROM REDIS - Requested IDs: ['b5223c8']
2025-11-22 12:14:01,750 - Knowledge - INFO - 🔍 GETTING FROM REDIS - ID: b5223c8, Prefix: knowledge:b5223c8:
2025-11-22 12:14:01,755 - Knowledge - WARNING - ❌ NO DATA FOUND in Redis for IDs: ['b5223c8'], Prefixes tried: ['knowledge:b5223c8:']
2025-11-22 12:14:01,755 - Knowledge - WARNING - ❌ No Redis cache found
2025-11-22 12:14:01,755 - Knowledge - INFO - ❌ Redis load returned False - falling back to file loading
2025-11-22 12:14:01,756 - Knowledge - INFO - load persisted knowledge: begin
2025-11-22 12:14:01,756 - Knowledge - INFO - Loaded 0 files from persisted knowledge
2025-11-22 12:14:01,756 - Knowledge - INFO - load persisted knowledge: end
2025-11-22 12:14:01,756 - Knowledge - INFO - 📁 Disk load complete in 0.02s
2025-11-22 12:14:01,756 - Knowledge - INFO - Populating ingest queue with source files...
2025-11-22 12:14:01,756 - Knowledge - INFO - Added 0 files from /Users/veera/Documents/kavia-backend/graphnode-backend-api/data/rdk7542/223585/b5223c8/Hello-World-223585 to ingest queue
2025-11-22 12:14:01,756 - Knowledge - INFO - Worker kw1 created using shared MongoDB connection pool
2025-11-22 12:14:01,756 - Knowledge - INFO - knowledge worker kw1 start
2025-11-22 12:14:02,879 - Knowledge - INFO - 💾 SAVING TO REDIS - Prefix: knowledge:b5223c8:
2025-11-22 12:14:02,880 - Knowledge - INFO - 💾 Files to save: source_files=0, file_info=0, docs=0, code_bases=0
2025-11-22 12:14:02,880 - Knowledge - INFO - 💾 Source files list: []
2025-11-22 12:14:02,880 - Knowledge - INFO - 💾 Code bases: []
2025-11-22 12:14:02,881 - Knowledge - INFO - ✅ Knowledge saved to Redis successfully - Prefix: knowledge:b5223c8:, Files: 0
2025-11-22 12:14:06,552 - Knowledge - INFO - 🔍 GETTING FROM REDIS - Requested IDs: ['b5223c8']
2025-11-22 12:14:06,552 - Knowledge - INFO - 🔍 GETTING FROM REDIS - ID: b5223c8, Prefix: knowledge:b5223c8:
2025-11-22 12:14:06,553 - Knowledge - INFO - 🔍 FOUND source_files: 0 files
2025-11-22 12:14:06,553 - Knowledge - INFO - 🔍 FOUND source_code_bases: []
2025-11-22 12:14:06,558 - Knowledge - INFO - ✅ RETRIEVED FROM REDIS - source_files: 0, file_info: 0, code_bases: []
2025-11-22 12:14:06,559 - Knowledge - INFO - 🔍 GETTING FROM REDIS - Requested IDs: ['YrgOZO', 'b5223c8']
2025-11-22 12:14:06,559 - Knowledge - INFO - 🔍 GETTING FROM REDIS - ID: YrgOZO, Prefix: knowledge:YrgOZO:
2025-11-22 12:14:06,564 - Knowledge - INFO - 🔍 GETTING FROM REDIS - ID: b5223c8, Prefix: knowledge:b5223c8:
2025-11-22 12:14:06,564 - Knowledge - INFO - 🔍 FOUND source_files: 0 files
2025-11-22 12:14:06,564 - Knowledge - INFO - 🔍 FOUND source_code_bases: []
2025-11-22 12:14:06,568 - Knowledge - INFO - ✅ RETRIEVED FROM REDIS - source_files: 0, file_info: 0, code_bases: []
